gcc -g p2final.c
 gdb a.out
GNU gdb (Ubuntu 8.1.1-0ubuntu1) 8.1.1
Copyright (C) 2018 Free Software Foundation, Inc.
License GPLv3+: GNU GPL version 3 or later <http://gnu.org/licenses/gpl.html>
This is free software: you are free to change and redistribute it.
There is NO WARRANTY, to the extent permitted by law.  Type "show copying"
and "show warranty" for details.
This GDB was configured as "x86_64-linux-gnu".
Type "show configuration" for configuration details.
For bug reporting instructions, please see:
<http://www.gnu.org/software/gdb/bugs/>.
Find the GDB manual and other documentation resources online at:
<http://www.gnu.org/software/gdb/documentation/>.
For help, type "help".
Type "apropos word" to search for commands related to "word"...
Reading symbols from a.out...done.
(gdb) b main
Breakpoint 1 at 0x7fc: file p2final.c, line 33.
(gdb) r
Starting program: /home/runner/pps-IA1-practice/a.out 
warning: Error disabling address space randomization: Operation not permitted

Breakpoint 1, main () at p2final.c:33
33    x = input();
(gdb) s
input () at p2final.c:4
4   {
(gdb) n
6      printf("Enter the numbers to be compared: ");
(gdb) n
7      scanf("%d", &num);
(gdb) n
Enter the numbers to be compared: 5
8      return num;
(gdb) n
9   }
(gdb) n
main () at p2final.c:34
34    y = input();
(gdb) p x
$1 = 5
(gdb) s
input () at p2final.c:4
4   {
(gdb) n
6      printf("Enter the numbers to be compared: ");
(gdb) n
7      scanf("%d", &num);
(gdb) n
Enter the numbers to be compared: 8
8      return num;
(gdb) n
9   }
(gdb) n
main () at p2final.c:35
35    z = input();
(gdb) p y
$2 = 8
(gdb) s
input () at p2final.c:4
4   {
(gdb) n
6      printf("Enter the numbers to be compared: ");
(gdb) n
7      scanf("%d", &num);
(gdb) n
Enter the numbers to be compared: 2
8      return num;
(gdb) n
9   }
(gdb) n
main () at p2final.c:36
36    largest = cmp(x,y,z);
(gdb) p z
$3 = 2
(gdb) s
cmp (a=5, b=8, c=2) at p2final.c:14
14    if(a>b && a>c)
(gdb) n
16    else if(b>a && b>c)
(gdb) n
17    l = b;
(gdb) n
21    return l;
(gdb) n
22    }
(gdb) n
main () at p2final.c:37
37   output(x,y,z,largest);
(gdb) p l
No symbol "l" in current context.
(gdb) p largest
$4 = 8
(gdb) n
38   return 0;
(gdb) n
39  }(gdb) n
__libc_start_main (main=0x563e95e007f4 <main>, argc=1, argv=0x7ffc6ce9d4a8, 
    init=<optimized out>, fini=<optimized out>, rtld_fini=<optimized out>, 
    stack_end=0x7ffc6ce9d498) at ../csu/libc-start.c:344
344 ../csu/libc-start.c: No such file or directory.
(gdb) q
A debugging session is active.

    Inferior 1 [process 178] will be killed.

Quit anyway? (y or n) y
 